../Core/Src/main.c:65:1:__io_putchar	16	static
../Core/Src/main.c:122:5:main	136	static
../Core/Src/main.c:184:6:SystemClock_Config	88	static
../Core/Src/main.c:228:13:MX_I2C1_Init	8	static
../Core/Src/main.c:260:13:MX_USART3_UART_Init	8	static
../Core/Src/main.c:291:13:MX_USB_OTG_FS_PCD_Init	8	static
../Core/Src/main.c:324:13:MX_GPIO_Init	56	static
../Core/Src/main.c:372:19:ReadReg	24	static
../Core/Src/main.c:383:6:Set_Time	32	static
../Core/Src/main.c:397:6:Get_Time	24	static
../Core/Src/main.c:409:7:Get_Temp	32	static
../Core/Src/main.c:414:6:force_temp_conv	32	static
../Core/Src/main.c:426:9:decToBcd	16	static
../Core/Src/main.c:430:5:bcdToDec	16	static
../Core/Src/main.c:440:6:Error_Handler	4	static,ignoring_inline_asm
